// Jest Snapshot v1, https://goo.gl/fbAQLP

exports[`RemoveIcon renders visually 1`] = `ShallowWrapper {}`;
