// Jest Snapshot v1, https://goo.gl/fbAQLP

exports[`TrashCan renders visually 1`] = `ShallowWrapper {}`;
