// Jest Snapshot v1, https://goo.gl/fbAQLP

exports[`Message renders visually 1`] = `ShallowWrapper {}`;
