// Jest Snapshot v1, https://goo.gl/fbAQLP

exports[`Architect renders visually 1`] = `ShallowWrapper {}`;
