// Jest Snapshot v1, https://goo.gl/fbAQLP

exports[`CreateSuite renders visually 1`] = `ShallowWrapper {}`;
