// Jest Snapshot v1, https://goo.gl/fbAQLP

exports[`CreateScenario renders visually 1`] = `ShallowWrapper {}`;
