// Jest Snapshot v1, https://goo.gl/fbAQLP

exports[`Home renders visually 1`] = `ShallowWrapper {}`;
